============================================================
C:\Users\mekacreative\Documents\school_forum\venv\Scripts\python.exe : Traceback (most recent call last):
At line:1 char:1
+ C:\Users\mekacreative\Documents\school_forum\venv\Scripts\python.exe  ...
+ ~~~~~~~~~~~~~~~~~~~~~~~~~~~~~~~~~~~~~~~~~~~~~~~~~~~~~~~~~~~~~~~~~~~~~
    + CategoryInfo          : NotSpecified: (Traceback (most recent call last)::String) [], RemoteExcepti 
   on
    + FullyQualifiedErrorId : NativeCommandError
 
  File "C:\Users\mekacreative\Documents\school_forum\test_login_dashboard.py", line 13, in <module>
    print("\U0001f510 LOGIN TEST")
  File "C:\Users\mekacreative\AppData\Local\Programs\Python\Python310\lib\encodings\cp1254.py", line 19, i
n encode
    return codecs.charmap_encode(input,self.errors,encoding_table)[0]
UnicodeEncodeError: 'charmap' codec can't encode character '\U0001f510' in position 0: character maps to <
undefined>
